- Building...

Application bundle generation failed. [20.486 seconds]

X [ERROR] Cannot create property 'message' on string 'C:\MyGit\OpenNews\node_modules\@angular\material\fesm2022\_form-field-chunk.mjs: Errors found in the template:
Incomplete block "let subscriptMessageType". If you meant to write the @ character, you should use the "&#64;" HTML entity instead. ("lign\"\n  [class.mat-mdc-form-field-subscript-dynamic-size]=\"subscriptSizing === 'dynamic'\"\n>\n  [ERROR ->]@let subscriptMessageType = _getSubscriptMessageType();\n\n  @switch (subscriptMessageType) {\n    @c"): C:\MyGit\OpenNews\node_modules\@angular\material\fesm2022\_form-field-chunk.mjs@1159:4008
  1158 |     exportAs: ["matFormField"],
  1159 |     ngImport: i0,
> 1160 |     template: "<ng-template #labelTemplate>\n  <!--\n    MDC recommends that the text-field is a `<label>` element. This rather complicates the\n    setup because it would require every form-field control to explicitly set `aria-labelledby`.\n    This is because the `<label>` itself contains more than the actual label (e.g. prefix, suffix\n    or other projected content), and screen readers could potentially read out undesired content.\n    Excluding elements from being printed out requires them to be marked with `aria-hidden`, or\n    the form control is set to a scoped element for the label (using `aria-labelledby`). Both of\n    these options seem to complicate the setup because we know exactly what content is rendered\n    as part of the label, and we don't want to spend resources on walking through projected content\n    to set `aria-hidden`. Nor do we want to set `aria-labelledby` on every form control if we could\n    simply link the label to the control using the label `for` attribute.\n  -->\n  @if (_hasFloatingLabel()) {\n    <label\n      matFormFieldFloatingLabel\n      [floating]=\"_shouldLabelFloat()\"\n      [monitorResize]=\"_hasOutline()\"\n      [id]=\"_labelId\"\n      [attr.for]=\"_control.disableAutomaticLabeling ? null : _control.id\"\n    >\n      <ng-content select=\"mat-label\"></ng-content>\n      <!--\n        We set the required marker as a separate element, in order to make it easier to target if\n        apps want to override it and to be able to set `aria-hidden` so that screen readers don't\n        pick it up.\n       -->\n      @if (!hideRequiredMarker && _control.required) {\n        <span\n          aria-hidden=\"true\"\n          class=\"mat-mdc-form-field-required-marker mdc-floating-label--required\"\n        ></span>\n      }\n    </label>\n  }\n</ng-template>\n\n<div\n  class=\"mat-mdc-text-field-wrapper mdc-text-field\"\n  #textField\n  [class.mdc-text-field--filled]=\"!_hasOutline()\"\n  [class.mdc-text-field--outlined]=\"_hasOutline()\"\n  [class.mdc-text-field--no-label]=\"!_hasFloatingLabel()\"\n  [class.mdc-text-field--disabled]=\"_control.disabled\"\n  [class.mdc-text-field--invalid]=\"_control.errorState\"\n  (click)=\"_control.onContainerClick($event)\"\n>\n  @if (!_hasOutline() && !_control.disabled) {\n    <div class=\"mat-mdc-form-field-focus-overlay\"></div>\n  }\n  <div class=\"mat-mdc-form-field-flex\">\n    @if (_hasOutline()) {\n      <div matFormFieldNotchedOutline [matFormFieldNotchedOutlineOpen]=\"_shouldLabelFloat()\">\n        @if (!_forceDisplayInfixLabel()) {\n          <ng-template [ngTemplateOutlet]=\"labelTemplate\"></ng-template>\n        }\n      </div>\n    }\n\n    @if (_hasIconPrefix) {\n      <div class=\"mat-mdc-form-field-icon-prefix\" #iconPrefixContainer>\n        <ng-content select=\"[matPrefix], [matIconPrefix]\"></ng-content>\n      </div>\n    }\n\n    @if (_hasTextPrefix) {\n      <div class=\"mat-mdc-form-field-text-prefix\" #textPrefixContainer>\n        <ng-content select=\"[matTextPrefix]\"></ng-content>\n      </div>\n    }\n\n    <div class=\"mat-mdc-form-field-infix\">\n      @if (!_hasOutline() || _forceDisplayInfixLabel()) {\n        <ng-template [ngTemplateOutlet]=\"labelTemplate\"></ng-template>\n      }\n\n      <ng-content></ng-content>\n    </div>\n\n    @if (_hasTextSuffix) {\n      <div class=\"mat-mdc-form-field-text-suffix\" #textSuffixContainer>\n        <ng-content select=\"[matTextSuffix]\"></ng-content>\n      </div>\n    }\n\n    @if (_hasIconSuffix) {\n      <div class=\"mat-mdc-form-field-icon-suffix\" #iconSuffixContainer>\n        <ng-content select=\"[matSuffix], [matIconSuffix]\"></ng-content>\n      </div>\n    }\n  </div>\n\n  @if (!_hasOutline()) {\n    <div matFormFieldLineRipple></div>\n  }\n</div>\n\n<div aria-atomic=\"true\" aria-live=\"polite\"\n  class=\"mat-mdc-form-field-subscript-wrapper mat-mdc-form-field-bottom-align\"\n  [class.mat-mdc-form-field-subscript-dynamic-size]=\"subscriptSizing === 'dynamic'\"\n>\n  @let subscriptMessageType = _getSubscriptMessageType();\n\n  @switch (subscriptMessageType) {\n    @case ('error') {\n      <div class=\"mat-mdc-form-field-error-wrapper\">\n        <ng-content select=\"mat-error, [matError]\"></ng-content>\n      </div>\n    }\n\n    @case ('hint') {\n      <div class=\"mat-mdc-form-field-hint-wrapper\">\n        @if (hintLabel) {\n          <mat-hint [id]=\"_hintLabelId\">{{hintLabel}}</mat-hint>\n        }\n        <ng-content select=\"mat-hint:not([align='end'])\"></ng-content>\n        <div class=\"mat-mdc-form-field-hint-spacer\"></div>\n        <ng-content select=\"mat-hint[align='end']\"></ng-content>\n      </div>\n    }\n  }\n</div>\n",
       |               ^^^^^^^^^^^^^^^^^^^^^^^^^^^^^^^^^^^^^^^^^^^^^^^^^^^^^^^^^^^^^^^^^^^^^^^^^^^^^^^^^^^^^^^^^^^^^^^^^^^^^^^^^^^^^^^^^^^^^^^^^^^^^^^^^^^^^^^^^^^^^^^^^^^^^^^^^^^^^^^^^^^^^^^^^^^^^^^^^^^^^^^^^^^^^^^^^^^^^^^^^^^^^^^^^^^^^^^^^^^^^^^^^^^^^^^^^^^^^^^^^^^^^^^^^^^^^^^^^^^^^^^^^^^^^^^^^^^^^^^^^^^^^^^^^^^^^^^^^^^^^^^^^^^^^^^^^^^^^^^^^^^^^^^^^^^^^^^^^^^^^^^^^^^^^^^^^^^^^^^^^^^^^^^^^^^^^^^^^^^^^^^^^^^^^^^^^^^^^^^^^^^^^^^^^^^^^^^^^^^^^^^^^^^^^^^^^^^^^^^^^^^^^^^^^^^^^^^^^^^^^^^^^^^^^^^^^^^^^^^^^^^^^^^^^^^^^^^^^^^^^^^^^^^^^^^^^^^^^^^^^^^^^^^^^^^^^^^^^^^^^^^^^^^^^^^^^^^^^^^^^^^^^^^^^^^^^^^^^^^^^^^^^^^^^^^^^^^^^^^^^^^^^^^^^^^^^^^^^^^^^^^^^^^^^^^^^^^^^^^^^^^^^^^^^^^^^^^^^^^^^^^^^^^^^^^^^^^^^^^^^^^^^^^^^^^^^^^^^^^^^^^^^^^^^^^^^^^^^^^^^^^^^^^^^^^^^^^^^^^^^^^^^^^^^^^^^^^^^^^^^^^^^^^^^^^^^^^^^^^^^^^^^^^^^^^^^^^^^^^^^^^^^^^^^^^^^^^^^^^^^^^^^^^^^^^^^^^^^^^^^^^^^^^^^^^^^^^^^^^^^^^^^^^^^^^^^^^^^^^^^^^^^^^^^^^^^^^^^^^^^^^^^^^^^^^^^^^^^^^^^^^^^^^^^^^^^^^^^^^^^^^^^^^^^^^^^^^^^^^^^^^^^^^^^^^^^^^^^^^^^^^^^^^^^^^^^^^^^^^^^^^^^^^^^^^^^^^^^^^^^^^^^^^^^^^^^^^^^^^^^^^^^^^^^^^^^^^^^^^^^^^^^^^^^^^^^^^^^^^^^^^^^^^^^^^^^^^^^^^^^^^^^^^^^^^^^^^^^^^^^^^^^^^^^^^^^^^^^^^^^^^^^^^^^^^^^^^^^^^^^^^^^^^^^^^^^^^^^^^^^^^^^^^^^^^^^^^^^^^^^^^^^^^^^^^^^^^^^^^^^^^^^^^^^^^^^^^^^^^^^^^^^^^^^^^^^^^^^^^^^^^^^^^^^^^^^^^^^^^^^^^^^^^^^^^^^^^^^^^^^^^^^^^^^^^^^^^^^^^^^^^^^^^^^^^^^^^^^^^^^^^^^^^^^^^^^^^^^^^^^^^^^^^^^^^^^^^^^^^^^^^^^^^^^^^^^^^^^^^^^^^^^^^^^^^^^^^^^^^^^^^^^^^^^^^^^^^^^^^^^^^^^^^^^^^^^^^^^^^^^^^^^^^^^^^^^^^^^^^^^^^^^^^^^^^^^^^^^^^^^^^^^^^^^^^^^^^^^^^^^^^^^^^^^^^^^^^^^^^^^^^^^^^^^^^^^^^^^^^^^^^^^^^^^^^^^^^^^^^^^^^^^^^^^^^^^^^^^^^^^^^^^^^^^^^^^^^^^^^^^^^^^^^^^^^^^^^^^^^^^^^^^^^^^^^^^^^^^^^^^^^^^^^^^^^^^^^^^^^^^^^^^^^^^^^^^^^^^^^^^^^^^^^^^^^^^^^^^^^^^^^^^^^^^^^^^^^^^^^^^^^^^^^^^^^^^^^^^^^^^^^^^^^^^^^^^^^^^^^^^^^^^^^^^^^^^^^^^^^^^^^^^^^^^^^^^^^^^^^^^^^^^^^^^^^^^^^^^^^^^^^^^^^^^^^^^^^^^^^^^^^^^^^^^^^^^^^^^^^^^^^^^^^^^^^^^^^^^^^^^^^^^^^^^^^^^^^^^^^^^^^^^^^^^^^^^^^^^^^^^^^^^^^^^^^^^^^^^^^^^^^^^^^^^^^^^^^^^^^^^^^^^^^^^^^^^^^^^^^^^^^^^^^^^^^^^^^^^^^^^^^^^^^^^^^^^^^^^^^^^^^^^^^^^^^^^^^^^^^^^^^^^^^^^^^^^^^^^^^^^^^^^^^^^^^^^^^^^^^^^^^^^^^^^^^^^^^^^^^^^^^^^^^^^^^^^^^^^^^^^^^^^^^^^^^^^^^^^^^^^^^^^^^^^^^^^^^^^^^^^^^^^^^^^^^^^^^^^^^^^^^^^^^^^^^^^^^^^^^^^^^^^^^^^^^^^^^^^^^^^^^^^^^^^^^^^^^^^^^^^^^^^^^^^^^^^^^^^^^^^^^^^^^^^^^^^^^^^^^^^^^^^^^^^^^^^^^^^^^^^^^^^^^^^^^^^^^^^^^^^^^^^^^^^^^^^^^^^^^^^^^^^^^^^^^^^^^^^^^^^^^^^^^^^^^^^^^^^^^^^^^^^^^^^^^^^^^^^^^^^^^^^^^^^^^^^^^^^^^^^^^^^^^^^^^^^^^^^^^^^^^^^^^^^^^^^^^^^^^^^^^^^^^^^^^^^^^^^^^^^^^^^^^^^^^^^^^^^^^^^^^^^^^^^^^^^^^^^^^^^^^^^^^^^^^^^^^^^^^^^^^^^^^^^^^^^^^^^^^^^^^^^^^^^^^^^^^^^^^^^^^^^^^^^^^^^^^^^^^^^^^^^^^^^^^^^^^^^^^^^^^^^^^^^^^^^^^^^^^^^^^^^^^^^^^^^^^^^^^^^^^^^^^^^^^^^^^^^^^^^^^^^^^^^^^^^^^^^^^^^^^^^^^^^^^^^^^^^^^^^^^^^^^^^^^^^^^^^^^^^^^^^^^^^^^^^^^^^^^^^^^^^^^^^^^^^^^^^^^^^^^^^^^^^^^^^^^^^^^^^^^^^^^^^^^^^^^^^^^^^^^^^^^^^^^^^^^^^^^^^^^^^^^^^^^^^^^^^^^^^^^^^^^^^^^^^^^^^^^^^^^^^^^^^^^^^^^^^^^^^^^^^^^^^^^^^^^^^^^^^^^^^^^^^^^^^^^^^^^^^^^^^^^^^^^^^^^^^^^^^^^^^^^^^^^^^^^^^^^^^^^^^^^^^^^^^^^^^^^^^^^^^^^^^^^^^^^^^^^^^^^^^^^^^^^^^^^^^^^^^^^^^^^^^^^^^^^^^^^^^^^^^^^^^^^^^^^^^^^^^^^^^^^^^^^^^^^^^^^^^^^^^^^^^^^^^^^^^^^^^^^^^^^^^^^^^^^^^^^^^^^^^^^^^^^^^^^^^^^^^^^^^^^^^^^^^^^^^^^^^^^^^^^^^^^^^^^^^^^^^^^^^^^^^^^^^^^^^^^^^^^^^^^^^^^^^^^^^^^^^^^^^^^^^^^^^^^^^^^^^^^^^^^^^^^^^^^^^^^^^^^^^^^^^^^^^^^^^^^^^^^^^^^^^^^^^^^^^^^^^^^^^^^^^^^^^^^^^^^^^^^^^^^^^^^^^^^^^^^^^^^^^^^^^^^^^^^^^^^^^^^^^^^^^^^^^^^^^^^^^^^^^^^^^^^^^^^^^^^^^^^^^^^^^^^^^^^^^^^^^^^^^^^^^^^^^^^^^^^^^^^^^^^^^^^^^^^^^^^^^^^^^^^^^^^^^^^^^^^^^^^^^^^^^^^^^^^^^^^^^^^^^^^^^^^^^^^^^^^^^^^^^^^^^^^^^^^^^^^^^^^^^^^^^^^^^^^^^^^^^^^^^^^^^^^^^^^^^^^^^^^^^^^^^^^^^^^^^^^^^^^^^^^^^^^^^^^^^^^^^^^^^^^^^^^^^^^^^^^^^^^^^^^^^^^^^^^^^^^^^^^^^^^^^^^^^^^^^^^^^^^^^^^^^^^^^^^^^^^^^^^^^^^^^^^^^^^^^^^^^^^^^^^^^^^^^^^^^^^^^^^^^^^^^^^^^^^^^^^^^^^^^^^^^^^^^^^^^^^^^^^^^^^^^^^^^^^^^^^^^^^^^^^^^^^^^^^^^^^^^^^^^^^^^^^^^^^^^^^^^^^^^^^^^^^^^^^^^^^^^^^^^^^^^^^^^^^^^^^^^^^^^^^^^^^^^^^^^^^^^^^^^^^^^^^^^^^^^^^^^^^^^^^^^^^^^^^^^^^^^^^^^^^^^^^^^^^^^^^^^^^^^^^^^^^^^^^^^^^^^^^^^^^^^^^^^^^^^^^^^^^^^^^^^^^^^^^^^^^^^^^^^^^^^^^^^^^^^^^^^^^^^^^^^^^^^^^^^^^^^^^^^^^^^^^^^^^^^^^^^^^^^^^^^^^^^^^^^^^^^^^^^^^^^^^^^^^^^^^^^^^^^^^^^^^^^^^^^^^^^^^^^^^^^^^^^^^^^^^^^^^^^^^^^^^^^^^^^^^^^^^^^^^^^^^^^^^^^^^^^^^^^^^^^^^^^^^^^^^^^^^^^^^^^^^^^^^^^^^^^^^^^^^^^^^^^^^^^^^^^^^^^^^^^^^^^^^^^^^^^^^^^^^^^^^^^^^^^^^^^^^^^^^^^^^^^^^^^^^^^^^^^^^^^^^^^^^^^^^^^^^^^^^^^^^^^^^^^^^^^^^^^^^^^^^^^^^^^^^^^^^^^^^^^^^^^^^^^^^^^^^^^^^^^^^^^^^^^^^^^^^^^^^^^^^^^^^^^^^^^^^^^^^^^^^^^^^^^^^^^^^^^^^^^^^^^^^^^^^^^^^^^^^^^^^^^^^^^^^^^^^^^^^^^^^^^^^^^^^^^^^^^^^^^^^^^^^^^^^^^^^^^^^^^^^^^^^^^^^^^^^^^^^^^^^^^^^^^^^^^^^^^^^^^^^^^^^^^^^^^^^^^^^^^^^^^^^^^^^^^^^^^^^^^^^^^^^^^^^^^
  1161 |     styles: [".mdc-text-field{display:inline-flex;align-items:baseline;padding:0 16px;position:relative;box-sizing:border-box;overflow:hidden;will-change:opacity,transform,color;border-top-left-radius:4px;border-top-right-radius:4px;border-bottom-right-radius:0;border-bottom-left-radius:0}.mdc-text-field__input{width:100%;min-width:0;border:none;border-radius:0;background:none;padding:0;-moz-appearance:none;-webkit-appearance:none;height:28px}.mdc-text-field__input::-webkit-calendar-picker-indicator,.mdc-text-field__input::-webkit-search-cancel-button{display:none}.mdc-text-field__input::-ms-clear{display:none}.mdc-text-field__input:focus{outline:none}.mdc-text-field__input:invalid{box-shadow:none}.mdc-text-field__input::placeholder{opacity:0}.mdc-text-field__input::-moz-placeholder{opacity:0}.mdc-text-field__input::-webkit-input-placeholder{opacity:0}.mdc-text-field__input:-ms-input-placeholder{opacity:0}.mdc-text-field--no-label .mdc-text-field__input::placeholder,.mdc-text-field--focused .mdc-text-field__input::placeholder{opacity:1}.mdc-text-field--no-label .mdc-text-field__input::-moz-placeholder,.mdc-text-field--focused .mdc-text-field__input::-moz-placeholder{opacity:1}.mdc-text-field--no-label .mdc-text-field__input::-webkit-input-placeholder,.mdc-text-field--focused .mdc-text-field__input::-webkit-input-placeholder{opacity:1}.mdc-text-field--no-label .mdc-text-field__input:-ms-input-placeholder,.mdc-text-field--focused .mdc-text-field__input:-ms-input-placeholder{opacity:1}.mdc-text-field--disabled:not(.mdc-text-field--no-label) .mdc-text-field__input.mat-mdc-input-disabled-interactive::placeholder{opacity:0}.mdc-text-field--disabled:not(.mdc-text-field--no-label) .mdc-text-field__input.mat-mdc-input-disabled-interactive::-moz-placeholder{opacity:0}.mdc-text-field--disabled:not(.mdc-text-field--no-label) .mdc-text-field__input.mat-mdc-input-disabled-interactive::-webkit-input-placeholder{opacity:0}.mdc-text-field--disabled:not(.mdc-text-field--no-label) .mdc-text-field__input.mat-mdc-input-disabled-interactive:-ms-input-placeholder{opacity:0}.mdc-text-field--outlined .mdc-text-field__input,.mdc-text-field--filled.mdc-text-field--no-label .mdc-text-field__input{height:100%}.mdc-text-field--outlined .mdc-text-field__input{display:flex;border:none !important;background-color:rgba(0,0,0,0)}.mdc-text-field--disabled .mdc-text-field__input{pointer-events:auto}.mdc-text-field--filled:not(.mdc-text-field--disabled) .mdc-text-field__input{color:var(--mat-form-field-filled-input-text-color, var(--mat-sys-on-surface));caret-color:var(--mat-form-field-filled-caret-color, var(--mat-sys-primary))}.mdc-text-field--filled:not(.mdc-text-field--disabled) .mdc-text-field__input::placeholder{color:var(--mat-form-field-filled-input-text-placeholder-color, var(--mat-sys-on-surface-variant))}.mdc-text-field--filled:not(.mdc-text-field--disabled) .mdc-text-field__input::-moz-placeholder{color:var(--mat-form-field-filled-input-text-placeholder-color, var(--mat-sys-on-surface-variant))}.mdc-text-field--filled:not(.mdc-text-field--disabled) .mdc-text-field__input::-webkit-input-placeholder{color:var(--mat-form-field-filled-input-text-placeholder-color, var(--mat-sys-on-surface-variant))}.mdc-text-field--filled:not(.mdc-text-field--disabled) .mdc-text-field__input:-ms-input-placeholder{color:var(--mat-form-field-filled-input-text-placeholder-color, var(--mat-sys-on-surface-variant))}.mdc-text-field--outlined:not(.mdc-text-field--disabled) .mdc-text-field__input{color:var(--mat-form-field-outlined-input-text-color, var(--mat-sys-on-surface));caret-color:var(--mat-form-field-outlined-caret-color, var(--mat-sys-primary))}.mdc-text-field--outlined:not(.mdc-text-field--disabled) .mdc-text-field__input::placeholder{color:var(--mat-form-field-outlined-input-text-placeholder-color, var(--mat-sys-on-surface-variant))}.mdc-text-field--outlined:not(.mdc-text-field--disabled) .mdc-text-field__input::-moz-placeholder{color:var(--mat-form-field-outlined-input-text-placeholder-color, var(--mat-sys-on-surface-variant))}.mdc-text-field--outlined:not(.mdc-text-field--disabled) .mdc-text-field__input::-webkit-input-placeholder{color:var(--mat-form-field-outlined-input-text-placeholder-color, var(--mat-sys-on-surface-variant))}.mdc-text-field--outlined:not(.mdc-text-field--disabled) .mdc-text-field__input:-ms-input-placeholder{color:var(--mat-form-field-outlined-input-text-placeholder-color, var(--mat-sys-on-surface-variant))}.mdc-text-field--filled.mdc-text-field--invalid:not(.mdc-text-field--disabled) .mdc-text-field__input{caret-color:var(--mat-form-field-filled-error-caret-color, var(--mat-sys-error))}.mdc-text-field--outlined.mdc-text-field--invalid:not(.mdc-text-field--disabled) .mdc-text-field__input{caret-color:var(--mat-form-field-outlined-error-caret-color, var(--mat-sys-error))}.mdc-text-field--filled.mdc-text-field--disabled .mdc-text-field__input{color:var(--mat-form-field-filled-disabled-input-text-color, color-mix(in srgb, var(--mat-sys-on-surface) 38%, transparent))}.mdc-text-field--outlined.mdc-text-field--disabled .mdc-text-field__input{color:var(--mat-form-field-outlined-disabled-input-text-color, color-mix(in srgb, var(--mat-sys-on-surface) 38%, transparent))}@media(forced-colors: active){.mdc-text-field--disabled .mdc-text-field__input{background-color:Window}}.mdc-text-field--filled{height:56px;border-bottom-right-radius:0;border-bottom-left-radius:0;border-top-left-radius:var(--mat-form-field-filled-container-shape, var(--mat-sys-corner-extra-small));border-top-right-radius:var(--mat-form-field-filled-container-shape, var(--mat-sys-corner-extra-small))}.mdc-text-field--filled:not(.mdc-text-field--disabled){background-color:var(--mat-form-field-filled-container-color, var(--mat-sys-surface-variant))}.mdc-text-field--filled.mdc-text-field--disabled{background-color:var(--mat-form-field-filled-disabled-container-color, color-mix(in srgb, var(--mat-sys-on-surface) 4%, transparent))}.mdc-text-field--outlined{height:56px;overflow:visible;padding-right:max(16px,var(--mat-form-field-outlined-container-shape, var(--mat-sys-corner-extra-small)));padding-left:max(16px,var(--mat-form-field-outlined-container-shape, var(--mat-sys-corner-extra-small)) + 4px)}[dir=rtl] .mdc-text-field--outlined{padding-right:max(16px,var(--mat-form-field-outlined-container-shape, var(--mat-sys-corner-extra-small)) + 4px);padding-left:max(16px,var(--mat-form-field-outlined-container-shape, var(--mat-sys-corner-extra-small)))}.mdc-floating-label{position:absolute;left:0;transform-origin:left top;line-height:1.15rem;text-align:left;text-overflow:ellipsis;white-space:nowrap;cursor:text;overflow:hidden;will-change:transform}[dir=rtl] .mdc-floating-label{right:0;left:auto;transform-origin:right top;text-align:right}.mdc-text-field .mdc-floating-label{top:50%;transform:translateY(-50%);pointer-events:none}.mdc-notched-outline .mdc-floating-label{display:inline-block;position:relative;max-width:100%}.mdc-text-field--outlined .mdc-floating-label{left:4px;right:auto}[dir=rtl] .mdc-text-field--outlined .mdc-floating-label{left:auto;right:4px}.mdc-text-field--filled .mdc-floating-label{left:16px;right:auto}[dir=rtl] .mdc-text-field--filled .mdc-floating-label{left:auto;right:16px}.mdc-text-field--disabled .mdc-floating-label{cursor:default}@media(forced-colors: active){.mdc-text-field--disabled .mdc-floating-label{z-index:1}}.mdc-text-field--filled.mdc-text-field--no-label .mdc-floating-label{display:none}.mdc-text-field--filled:not(.mdc-text-field--disabled) .mdc-floating-label{color:var(--mat-form-field-filled-label-text-color, var(--mat-sys-on-surface-variant))}.mdc-text-field--filled:not(.mdc-text-field--disabled).mdc-text-field--focused .mdc-floating-label{color:var(--mat-form-field-filled-focus-label-text-color, var(--mat-sys-primary))}.mdc-text-field--filled:not(.mdc-text-field--disabled):not(.mdc-text-field--focused):hover .mdc-floating-label{color:var(--mat-form-field-filled-hover-label-text-color, var(--mat-sys-on-surface-variant))}.mdc-text-field--filled.mdc-text-field--disabled .mdc-floating-label{color:var(--mat-form-field-filled-disabled-label-text-color, color-mix(in srgb, var(--mat-sys-on-surface) 38%, transparent))}.mdc-text-field--filled:not(.mdc-text-field--disabled).mdc-text-field--invalid .mdc-floating-label{color:var(--mat-form-field-filled-error-label-text-color, var(--mat-sys-error))}.mdc-text-field--filled:not(.mdc-text-field--disabled).mdc-text-field--invalid.mdc-text-field--focused .mdc-floating-label{color:var(--mat-form-field-filled-error-focus-label-text-color, var(--mat-sys-error))}.mdc-text-field--filled:not(.mdc-text-field--disabled).mdc-text-field--invalid:not(.mdc-text-field--disabled):hover .mdc-floating-label{color:var(--mat-form-field-filled-error-hover-label-text-color, var(--mat-sys-on-error-container))}.mdc-text-field--filled .mdc-floating-label{font-family:var(--mat-form-field-filled-label-text-font, var(--mat-sys-body-large-font));font-size:var(--mat-form-field-filled-label-text-size, var(--mat-sys-body-large-size));font-weight:var(--mat-form-field-filled-label-text-weight, var(--mat-sys-body-large-weight));letter-spacing:var(--mat-form-field-filled-label-text-tracking, var(--mat-sys-body-large-tracking))}.mdc-text-field--outlined:not(.mdc-text-field--disabled) .mdc-floating-label{color:var(--mat-form-field-outlined-label-text-color, var(--mat-sys-on-surface-variant))}.mdc-text-field--outlined:not(.mdc-text-field--disabled).mdc-text-field--focused .mdc-floating-label{color:var(--mat-form-field-outlined-focus-label-text-color, var(--mat-sys-primary))}.mdc-text-field--outlined:not(.mdc-text-field--disabled):not(.mdc-text-field--focused):hover .mdc-floating-label{color:var(--mat-form-field-outlined-hover-label-text-color, var(--mat-sys-on-surface))}.mdc-text-field--outlined.mdc-text-field--disabled .mdc-floating-label{color:var(--mat-form-field-outlined-disabled-label-text-color, color-mix(in srgb, var(--mat-sys-on-surface) 38%, transparent))}.mdc-text-field--outlined:not(.mdc-text-field--disabled).mdc-text-field--invalid .mdc-floating-label{color:var(--mat-form-field-outlined-error-label-text-color, var(--mat-sys-error))}.mdc-text-field--outlined:not(.mdc-text-field--disabled).mdc-text-field--invalid.mdc-text-field--focused .mdc-floating-label{color:var(--mat-form-field-outlined-error-focus-label-text-color, var(--mat-sys-error))}.mdc-text-field--outlined:not(.mdc-text-field--disabled).mdc-text-field--invalid:not(.mdc-text-field--disabled):hover .mdc-floating-label{color:var(--mat-form-field-outlined-error-hover-label-text-color, var(--mat-sys-on-error-container))}.mdc-text-field--outlined .mdc-floating-label{font-family:var(--mat-form-field-outlined-label-text-font, var(--mat-sys-body-large-font));font-size:var(--mat-form-field-outlined-label-text-size, var(--mat-sys-body-large-size));font-weight:var(--mat-form-field-outlined-label-text-weight, var(--mat-sys-body-large-weight));letter-spacing:var(--mat-form-field-outlined-label-text-tracking, var(--mat-sys-body-large-tracking))}.mdc-floating-label--float-above{cursor:auto;transform:translateY(-106%) scale(0.75)}.mdc-text-field--filled .mdc-floating-label--float-above{transform:translateY(-106%) scale(0.75)}.mdc-text-field--outlined .mdc-floating-label--float-above{transform:translateY(-37.25px) scale(1);font-size:.75rem}.mdc-notched-outline .mdc-floating-label--float-above{text-overflow:clip}.mdc-notched-outline--upgraded .mdc-floating-label--float-above{max-width:133.3333333333%}.mdc-text-field--outlined.mdc-notched-outline--upgraded .mdc-floating-label--float-above,.mdc-text-field--outlined .mdc-notched-outline--upgraded .mdc-floating-label--float-above{transform:translateY(-34.75px) scale(0.75)}.mdc-text-field--outlined.mdc-notched-outline--upgraded .mdc-floating-label--float-above,.mdc-text-field--outlined .mdc-notched-outline--upgraded .mdc-floating-label--float-above{font-size:1rem}.mdc-floating-label--required:not(.mdc-floating-label--hide-required-marker)::after{margin-left:1px;margin-right:0;content:\"*\"}[dir=rtl] .mdc-floating-label--required:not(.mdc-floating-label--hide-required-marker)::after{margin-left:0;margin-right:1px}.mdc-notched-outline{display:flex;position:absolute;top:0;right:0;left:0;box-sizing:border-box;width:100%;max-width:100%;height:100%;text-align:left;pointer-events:none}[dir=rtl] .mdc-notched-outline{text-align:right}.mdc-text-field--outlined .mdc-notched-outline{z-index:1}.mat-mdc-notch-piece{box-sizing:border-box;height:100%;pointer-events:none;border:none;border-top:1px solid;border-bottom:1px solid}.mdc-text-field--focused .mat-mdc-notch-piece{border-width:2px}.mdc-text-field--outlined:not(.mdc-text-field--disabled) .mat-mdc-notch-piece{border-color:var(--mat-form-field-outlined-outline-color, var(--mat-sys-outline));border-width:var(--mat-form-field-outlined-outline-width, 1px)}.mdc-text-field--outlined:not(.mdc-text-field--disabled):not(.mdc-text-field--focused):hover .mat-mdc-notch-piece{border-color:var(--mat-form-field-outlined-hover-outline-color, var(--mat-sys-on-surface))}.mdc-text-field--outlined:not(.mdc-text-field--disabled).mdc-text-field--focused .mat-mdc-notch-piece{border-color:var(--mat-form-field-outlined-focus-outline-color, var(--mat-sys-primary))}.mdc-text-field--outlined.mdc-text-field--disabled .mat-mdc-notch-piece{border-color:var(--mat-form-field-outlined-disabled-outline-color, color-mix(in srgb, var(--mat-sys-on-surface) 12%, transparent))}.mdc-text-field--outlined:not(.mdc-text-field--disabled).mdc-text-field--invalid .mat-mdc-notch-piece{border-color:var(--mat-form-field-outlined-error-outline-color, var(--mat-sys-error))}.mdc-text-field--outlined:not(.mdc-text-field--disabled).mdc-text-field--invalid:not(.mdc-text-field--focused):hover .mdc-notched-outline .mat-mdc-notch-piece{border-color:var(--mat-form-field-outlined-error-hover-outline-color, var(--mat-sys-on-error-container))}.mdc-text-field--outlined:not(.mdc-text-field--disabled).mdc-text-field--invalid.mdc-text-field--focused .mat-mdc-notch-piece{border-color:var(--mat-form-field-outlined-error-focus-outline-color, var(--mat-sys-error))}.mdc-text-field--outlined:not(.mdc-text-field--disabled).mdc-text-field--focused .mdc-notched-outline .mat-mdc-notch-piece{border-width:var(--mat-form-field-outlined-focus-outline-width, 2px)}.mdc-notched-outline__leading{border-left:1px solid;border-right:none;border-top-right-radius:0;border-bottom-right-radius:0;border-top-left-radius:var(--mat-form-field-outlined-container-shape, var(--mat-sys-corner-extra-small));border-bottom-left-radius:var(--mat-form-field-outlined-container-shape, var(--mat-sys-corner-extra-small))}.mdc-text-field--outlined .mdc-notched-outline .mdc-notched-outline__leading{width:max(12px,var(--mat-form-field-outlined-container-shape, var(--mat-sys-corner-extra-small)))}[dir=rtl] .mdc-notched-outline__leading{border-left:none;border-right:1px solid;border-bottom-left-radius:0;border-top-left-radius:0;border-top-right-radius:var(--mat-form-field-outlined-container-shape, var(--mat-sys-corner-extra-small));border-bottom-right-radius:var(--mat-form-field-outlined-container-shape, var(--mat-sys-corner-extra-small))}.mdc-notched-outline__trailing{flex-grow:1;border-left:none;border-right:1px solid;border-top-left-radius:0;border-bottom-left-radius:0;border-top-right-radius:var(--mat-form-field-outlined-container-shape, var(--mat-sys-corner-extra-small));border-bottom-right-radius:var(--mat-form-field-outlined-container-shape, var(--mat-sys-corner-extra-small))}[dir=rtl] .mdc-notched-outline__trailing{border-left:1px solid;border-right:none;border-top-right-radius:0;border-bottom-right-radius:0;border-top-left-radius:var(--mat-form-field-outlined-container-shape, var(--mat-sys-corner-extra-small));border-bottom-left-radius:var(--mat-form-field-outlined-container-shape, var(--mat-sys-corner-extra-small))}.mdc-notched-outline__notch{flex:0 0 auto;width:auto}.mdc-text-field--outlined .mdc-notched-outline .mdc-notched-outline__notch{max-width:min(var(--mat-form-field-notch-max-width, 100%),calc(100% - max(12px, var(--mat-form-field-outlined-container-shape, var(--mat-sys-corner-extra-small))) * 2))}.mdc-text-field--outlined .mdc-notched-outline--notched .mdc-notched-outline__notch{max-width:min(100%,calc(100% - max(12px, var(--mat-form-field-outlined-container-shape, var(--mat-sys-corner-extra-small))) * 2))}.mdc-text-field--outlined .mdc-notched-outline--notched .mdc-notched-outline__notch{padding-top:1px}.mdc-text-field--focused.mdc-text-field--outlined .mdc-notched-outline--notched .mdc-notched-outline__notch{padding-top:2px}.mdc-notched-outline--notched .mdc-notched-outline__notch{padding-left:0;padding-right:8px;border-top:none}[dir=rtl] .mdc-notched-outline--notched .mdc-notched-outline__notch{padding-left:8px;padding-right:0}.mdc-notched-outline--no-label .mdc-notched-outline__notch{display:none}.mdc-line-ripple::before,.mdc-line-ripple::after{position:absolute;bottom:0;left:0;width:100%;border-bottom-style:solid;content:\"\"}.mdc-line-ripple::before{z-index:1;border-bottom-width:var(--mat-form-field-filled-active-indicator-height, 1px)}.mdc-text-field--filled:not(.mdc-text-field--disabled) .mdc-line-ripple::before{border-bottom-color:var(--mat-form-field-filled-active-indicator-color, var(--mat-sys-on-surface-variant))}.mdc-text-field--filled:not(.mdc-text-field--disabled):not(.mdc-text-field--focused):hover .mdc-line-ripple::before{border-bottom-color:var(--mat-form-field-filled-hover-active-indicator-color, var(--mat-sys-on-surface))}.mdc-text-field--filled.mdc-text-field--disabled .mdc-line-ripple::before{border-bottom-color:var(--mat-form-field-filled-disabled-active-indicator-color, color-mix(in srgb, var(--mat-sys-on-surface) 38%, transparent))}.mdc-text-field--filled:not(.mdc-text-field--disabled).mdc-text-field--invalid .mdc-line-ripple::before{border-bottom-color:var(--mat-form-field-filled-error-active-indicator-color, var(--mat-sys-error))}.mdc-text-field--filled:not(.mdc-text-field--disabled).mdc-text-field--invalid:not(.mdc-text-field--focused):hover .mdc-line-ripple::before{border-bottom-color:var(--mat-form-field-filled-error-hover-active-indicator-color, var(--mat-sys-on-error-container))}.mdc-line-ripple::after{transform:scaleX(0);opacity:0;z-index:2}.mdc-text-field--filled .mdc-line-ripple::after{border-bottom-width:var(--mat-form-field-filled-focus-active-indicator-height, 2px)}.mdc-text-field--filled:not(.mdc-text-field--disabled) .mdc-line-ripple::after{border-bottom-color:var(--mat-form-field-filled-focus-active-indicator-color, var(--mat-sys-primary))}.mdc-text-field--filled.mdc-text-field--invalid:not(.mdc-text-field--disabled) .mdc-line-ripple::after{border-bottom-color:var(--mat-form-field-filled-error-focus-active-indicator-color, var(--mat-sys-error))}.mdc-line-ripple--active::after{transform:scaleX(1);opacity:1}.mdc-line-ripple--deactivating::after{opacity:0}.mdc-text-field--disabled{pointer-events:none}.mat-mdc-form-field-textarea-control{vertical-align:middle;resize:vertical;box-sizing:border-box;height:auto;margin:0;padding:0;border:none;overflow:auto}.mat-mdc-form-field-input-control.mat-mdc-form-field-input-control{-moz-osx-font-smoothing:grayscale;-webkit-font-smoothing:antialiased;font:inherit;letter-spacing:inherit;text-decoration:inherit;text-transform:inherit;border:none}.mat-mdc-form-field .mat-mdc-floating-label.mdc-floating-label{-moz-osx-font-smoothing:grayscale;-webkit-font-smoothing:antialiased;line-height:normal;pointer-events:all;will-change:auto}.mat-mdc-form-field:not(.mat-form-field-disabled) .mat-mdc-floating-label.mdc-floating-label{cursor:inherit}.mdc-text-field--no-label:not(.mdc-text-field--textarea) .mat-mdc-form-field-input-control.mdc-text-field__input,.mat-mdc-text-field-wrapper .mat-mdc-form-field-input-control{height:auto}.mat-mdc-text-field-wrapper .mat-mdc-form-field-input-control.mdc-text-field__input[type=color]{height:23px}.mat-mdc-text-field-wrapper{height:auto;flex:auto;will-change:auto}.mat-mdc-form-field-has-icon-prefix .mat-mdc-text-field-wrapper{padding-left:0;--mat-mdc-form-field-label-offset-x: -16px}.mat-mdc-form-field-has-icon-suffix .mat-mdc-text-field-wrapper{padding-right:0}[dir=rtl] .mat-mdc-text-field-wrapper{padding-left:16px;padding-right:16px}[dir=rtl] .mat-mdc-form-field-has-icon-suffix .mat-mdc-text-field-wrapper{padding-left:0}[dir=rtl] .mat-mdc-form-field-has-icon-prefix .mat-mdc-text-field-wrapper{padding-right:0}.mat-form-field-disabled .mdc-text-field__input::placeholder{color:var(--mat-form-field-disabled-input-text-placeholder-color, color-mix(in srgb, var(--mat-sys-on-surface) 38%, transparent))}.mat-form-field-disabled .mdc-text-field__input::-moz-placeholder{color:var(--mat-form-field-disabled-input-text-placeholder-color, color-mix(in srgb, var(--mat-sys-on-surface) 38%, transparent))}.mat-form-field-disabled .mdc-text-field__input::-webkit-input-placeholder{color:var(--mat-form-field-disabled-input-text-placeholder-color, color-mix(in srgb, var(--mat-sys-on-surface) 38%, transparent))}.mat-form-field-disabled .mdc-text-field__input:-ms-input-placeholder{color:var(--mat-form-field-disabled-input-text-placeholder-color, color-mix(in srgb, var(--mat-sys-on-surface) 38%, transparent))}.mat-mdc-form-field-label-always-float .mdc-text-field__input::placeholder{transition-delay:40ms;transition-duration:110ms;opacity:1}.mat-mdc-text-field-wrapper .mat-mdc-form-field-infix .mat-mdc-floating-label{left:auto;right:auto}.mat-mdc-text-field-wrapper.mdc-text-field--outlined .mdc-text-field__input{display:inline-block}.mat-mdc-form-field .mat-mdc-text-field-wrapper.mdc-text-field .mdc-notched-outline__notch{padding-top:0}.mat-mdc-form-field.mat-mdc-form-field.mat-mdc-form-field.mat-mdc-form-field.mat-mdc-form-field.mat-mdc-form-field .mdc-notched-outline__notch{border-left:1px solid rgba(0,0,0,0)}[dir=rtl] .mat-mdc-form-field.mat-mdc-form-field.mat-mdc-form-field.mat-mdc-form-field.mat-mdc-form-field.mat-mdc-form-field .mdc-notched-outline__notch{border-left:none;border-right:1px solid rgba(0,0,0,0)}.mat-mdc-form-field-infix{min-height:var(--mat-form-field-container-height, 56px);padding-top:var(--mat-form-field-filled-with-label-container-padding-top, 24px);padding-bottom:var(--mat-form-field-filled-with-label-container-padding-bottom, 8px)}.mdc-text-field--outlined .mat-mdc-form-field-infix,.mdc-text-field--no-label .mat-mdc-form-field-infix{padding-top:var(--mat-form-field-container-vertical-padding, 16px);padding-bottom:var(--mat-form-field-container-vertical-padding, 16px)}.mat-mdc-text-field-wrapper .mat-mdc-form-field-flex .mat-mdc-floating-label{top:calc(var(--mat-form-field-container-height, 56px)/2)}.mdc-text-field--filled .mat-mdc-floating-label{display:var(--mat-form-field-filled-label-display, block)}.mat-mdc-text-field-wrapper.mdc-text-field--outlined .mdc-notched-outline--upgraded .mdc-floating-label--float-above{--mat-mdc-form-field-label-transform: translateY(calc(calc(6.75px + var(--mat-form-field-container-height, 56px) / 2) * -1)) scale(var(--mat-mdc-form-field-floating-label-scale, 0.75));transform:var(--mat-mdc-form-field-label-transform)}@keyframes _mat-form-field-subscript-animation{from{opacity:0;transform:translateY(-5px)}to{opacity:1;transform:translateY(0)}}.mat-mdc-form-field-subscript-wrapper{box-sizing:border-box;width:100%;position:relative}.mat-mdc-form-field-hint-wrapper,.mat-mdc-form-field-error-wrapper{position:absolute;top:0;left:0;right:0;padding:0 16px;opacity:1;transform:translateY(0);animation:_mat-form-field-subscript-animation 0ms cubic-bezier(0.55, 0, 0.55, 0.2)}.mat-mdc-form-field-subscript-dynamic-size .mat-mdc-form-field-hint-wrapper,.mat-mdc-form-field-subscript-dynamic-size .mat-mdc-form-field-error-wrapper{position:static}.mat-mdc-form-field-bottom-align::before{content:\"\";display:inline-block;height:16px}.mat-mdc-form-field-bottom-align.mat-mdc-form-field-subscript-dynamic-size::before{content:unset}.mat-mdc-form-field-hint-end{order:1}.mat-mdc-form-field-hint-wrapper{display:flex}.mat-mdc-form-field-hint-spacer{flex:1 0 1em}.mat-mdc-form-field-error{display:block;color:var(--mat-form-field-error-text-color, var(--mat-sys-error))}.mat-mdc-form-field-subscript-wrapper,.mat-mdc-form-field-bottom-align::before{-moz-osx-font-smoothing:grayscale;-webkit-font-smoothing:antialiased;font-family:var(--mat-form-field-subscript-text-font, var(--mat-sys-body-small-font));line-height:var(--mat-form-field-subscript-text-line-height, var(--mat-sys-body-small-line-height));font-size:var(--mat-form-field-subscript-text-size, var(--mat-sys-body-small-size));letter-spacing:var(--mat-form-field-subscript-text-tracking, var(--mat-sys-body-small-tracking));font-weight:var(--mat-form-field-subscript-text-weight, var(--mat-sys-body-small-weight))}.mat-mdc-form-field-focus-overlay{top:0;left:0;right:0;bottom:0;position:absolute;opacity:0;pointer-events:none;background-color:var(--mat-form-field-state-layer-color, var(--mat-sys-on-surface))}.mat-mdc-text-field-wrapper:hover .mat-mdc-form-field-focus-overlay{opacity:var(--mat-form-field-hover-state-layer-opacity, var(--mat-sys-hover-state-layer-opacity))}.mat-mdc-form-field.mat-focused .mat-mdc-form-field-focus-overlay{opacity:var(--mat-form-field-focus-state-layer-opacity, 0)}select.mat-mdc-form-field-input-control{-moz-appearance:none;-webkit-appearance:none;background-color:rgba(0,0,0,0);display:inline-flex;box-sizing:border-box}select.mat-mdc-form-field-input-control:not(:disabled){cursor:pointer}select.mat-mdc-form-field-input-control:not(.mat-mdc-native-select-inline) option{color:var(--mat-form-field-select-option-text-color, var(--mat-sys-neutral10))}select.mat-mdc-form-field-input-control:not(.mat-mdc-native-select-inline) option:disabled{color:var(--mat-form-field-select-disabled-option-text-color, color-mix(in srgb, var(--mat-sys-neutral10) 38%, transparent))}.mat-mdc-form-field-type-mat-native-select .mat-mdc-form-field-infix::after{content:\"\";width:0;height:0;border-left:5px solid rgba(0,0,0,0);border-right:5px solid rgba(0,0,0,0);border-top:5px solid;position:absolute;right:0;top:50%;margin-top:-2.5px;pointer-events:none;color:var(--mat-form-field-enabled-select-arrow-color, var(--mat-sys-on-surface-variant))}[dir=rtl] .mat-mdc-form-field-type-mat-native-select .mat-mdc-form-field-infix::after{right:auto;left:0}.mat-mdc-form-field-type-mat-native-select.mat-focused .mat-mdc-form-field-infix::after{color:var(--mat-form-field-focus-select-arrow-color, var(--mat-sys-primary))}.mat-mdc-form-field-type-mat-native-select.mat-form-field-disabled .mat-mdc-form-field-infix::after{color:var(--mat-form-field-disabled-select-arrow-color, color-mix(in srgb, var(--mat-sys-on-surface) 38%, transparent))}.mat-mdc-form-field-type-mat-native-select .mat-mdc-form-field-input-control{padding-right:15px}[dir=rtl] .mat-mdc-form-field-type-mat-native-select .mat-mdc-form-field-input-control{padding-right:0;padding-left:15px}@media(forced-colors: active){.mat-form-field-appearance-fill .mat-mdc-text-field-wrapper{outline:solid 1px}}@media(forced-colors: active){.mat-form-field-appearance-fill.mat-form-field-disabled .mat-mdc-text-field-wrapper{outline-color:GrayText}}@media(forced-colors: active){.mat-form-field-appearance-fill.mat-focused .mat-mdc-text-field-wrapper{outline:dashed 3px}}@media(forced-colors: active){.mat-mdc-form-field.mat-focused .mdc-notched-outline{border:dashed 3px}}.mat-mdc-form-field-input-control[type=date],.mat-mdc-form-field-input-control[type=datetime],.mat-mdc-form-field-input-control[type=datetime-local],.mat-mdc-form-field-input-control[type=month],.mat-mdc-form-field-input-control[type=week],.mat-mdc-form-field-input-control[type=time]{line-height:1}.mat-mdc-form-field-input-control::-webkit-datetime-edit{line-height:1;padding:0;margin-bottom:-2px}.mat-mdc-form-field{--mat-mdc-form-field-floating-label-scale: 0.75;display:inline-flex;flex-direction:column;min-width:0;text-align:left;-moz-osx-font-smoothing:grayscale;-webkit-font-smoothing:antialiased;font-family:var(--mat-form-field-container-text-font, var(--mat-sys-body-large-font));line-height:var(--mat-form-field-container-text-line-height, var(--mat-sys-body-large-line-height));font-size:var(--mat-form-field-container-text-size, var(--mat-sys-body-large-size));letter-spacing:var(--mat-form-field-container-text-tracking, var(--mat-sys-body-large-tracking));font-weight:var(--mat-form-field-container-text-weight, var(--mat-sys-body-large-weight))}.mat-mdc-form-field .mdc-text-field--outlined .mdc-floating-label--float-above{font-size:calc(var(--mat-form-field-outlined-label-text-populated-size)*var(--mat-mdc-form-field-floating-label-scale))}.mat-mdc-form-field .mdc-text-field--outlined .mdc-notched-outline--upgraded .mdc-floating-label--float-above{font-size:var(--mat-form-field-outlined-label-text-populated-size)}[dir=rtl] .mat-mdc-form-field{text-align:right}.mat-mdc-form-field-flex{display:inline-flex;align-items:baseline;box-sizing:border-box;width:100%}.mat-mdc-text-field-wrapper{width:100%;z-index:0}.mat-mdc-form-field-icon-prefix,.mat-mdc-form-field-icon-suffix{align-self:center;line-height:0;pointer-events:auto;position:relative;z-index:1}.mat-mdc-form-field-icon-prefix>.mat-icon,.mat-mdc-form-field-icon-suffix>.mat-icon{padding:0 12px;box-sizing:content-box}.mat-mdc-form-field-icon-prefix{color:var(--mat-form-field-leading-icon-color, var(--mat-sys-on-surface-variant))}.mat-form-field-disabled .mat-mdc-form-field-icon-prefix{color:var(--mat-form-field-disabled-leading-icon-color, color-mix(in srgb, var(--mat-sys-on-surface) 38%, transparent))}.mat-mdc-form-field-icon-suffix{color:var(--mat-form-field-trailing-icon-color, var(--mat-sys-on-surface-variant))}.mat-form-field-disabled .mat-mdc-form-field-icon-suffix{color:var(--mat-form-field-disabled-trailing-icon-color, color-mix(in srgb, var(--mat-sys-on-surface) 38%, transparent))}.mat-form-field-invalid .mat-mdc-form-field-icon-suffix{color:var(--mat-form-field-error-trailing-icon-color, var(--mat-sys-error))}.mat-form-field-invalid:not(.mat-focused):not(.mat-form-field-disabled) .mat-mdc-text-field-wrapper:hover .mat-mdc-form-field-icon-suffix{color:var(--mat-form-field-error-hover-trailing-icon-color, var(--mat-sys-on-error-container))}.mat-form-field-invalid.mat-focused .mat-mdc-text-field-wrapper .mat-mdc-form-field-icon-suffix{color:var(--mat-form-field-error-focus-trailing-icon-color, var(--mat-sys-error))}.mat-mdc-form-field-icon-prefix,[dir=rtl] .mat-mdc-form-field-icon-suffix{padding:0 4px 0 0}.mat-mdc-form-field-icon-suffix,[dir=rtl] .mat-mdc-form-field-icon-prefix{padding:0 0 0 4px}.mat-mdc-form-field-subscript-wrapper .mat-icon,.mat-mdc-form-field label .mat-icon{width:1em;height:1em;font-size:inherit}.mat-mdc-form-field-infix{flex:auto;min-width:0;width:180px;position:relative;box-sizing:border-box}.mat-mdc-form-field-infix:has(textarea[cols]){width:auto}.mat-mdc-form-field .mdc-notched-outline__notch{margin-left:-1px;-webkit-clip-path:inset(-9em -999em -9em 1px);clip-path:inset(-9em -999em -9em 1px)}[dir=rtl] .mat-mdc-form-field .mdc-notched-outline__notch{margin-left:0;margin-right:-1px;-webkit-clip-path:inset(-9em 1px -9em -999em);clip-path:inset(-9em 1px -9em -999em)}.mat-mdc-form-field.mat-form-field-animations-enabled .mdc-floating-label{transition:transform 150ms cubic-bezier(0.4, 0, 0.2, 1),color 150ms cubic-bezier(0.4, 0, 0.2, 1)}.mat-mdc-form-field.mat-form-field-animations-enabled .mdc-text-field__input{transition:opacity 150ms cubic-bezier(0.4, 0, 0.2, 1)}.mat-mdc-form-field.mat-form-field-animations-enabled .mdc-text-field__input::placeholder{transition:opacity 67ms cubic-bezier(0.4, 0, 0.2, 1)}.mat-mdc-form-field.mat-form-field-animations-enabled .mdc-text-field__input::-moz-placeholder{transition:opacity 67ms cubic-bezier(0.4, 0, 0.2, 1)}.mat-mdc-form-field.mat-form-field-animations-enabled .mdc-text-field__input::-webkit-input-placeholder{transition:opacity 67ms cubic-bezier(0.4, 0, 0.2, 1)}.mat-mdc-form-field.mat-form-field-animations-enabled .mdc-text-field__input:-ms-input-placeholder{transition:opacity 67ms cubic-bezier(0.4, 0, 0.2, 1)}.mat-mdc-form-field.mat-form-field-animations-enabled.mdc-text-field--no-label .mdc-text-field__input::placeholder,.mat-mdc-form-field.mat-form-field-animations-enabled.mdc-text-field--focused .mdc-text-field__input::placeholder{transition-delay:40ms;transition-duration:110ms}.mat-mdc-form-field.mat-form-field-animations-enabled.mdc-text-field--no-label .mdc-text-field__input::-moz-placeholder,.mat-mdc-form-field.mat-form-field-animations-enabled.mdc-text-field--focused .mdc-text-field__input::-moz-placeholder{transition-delay:40ms;transition-duration:110ms}.mat-mdc-form-field.mat-form-field-animations-enabled.mdc-text-field--no-label .mdc-text-field__input::-webkit-input-placeholder,.mat-mdc-form-field.mat-form-field-animations-enabled.mdc-text-field--focused .mdc-text-field__input::-webkit-input-placeholder{transition-delay:40ms;transition-duration:110ms}.mat-mdc-form-field.mat-form-field-animations-enabled.mdc-text-field--no-label .mdc-text-field__input:-ms-input-placeholder,.mat-mdc-form-field.mat-form-field-animations-enabled.mdc-text-field--focused .mdc-text-field__input:-ms-input-placeholder{transition-delay:40ms;transition-duration:110ms}.mat-mdc-form-field.mat-form-field-animations-enabled .mdc-text-field--filled:not(.mdc-ripple-upgraded):focus .mdc-text-field__ripple::before{transition-duration:75ms}.mat-mdc-form-field.mat-form-field-animations-enabled .mdc-line-ripple::after{transition:transform 180ms cubic-bezier(0.4, 0, 0.2, 1),opacity 180ms cubic-bezier(0.4, 0, 0.2, 1)}.mat-mdc-form-field.mat-form-field-animations-enabled .mat-mdc-form-field-hint-wrapper,.mat-mdc-form-field.mat-form-field-animations-enabled .mat-mdc-form-field-error-wrapper{animation-duration:300ms}.mdc-notched-outline .mdc-floating-label{max-width:calc(100% + 1px)}.mdc-notched-outline--upgraded .mdc-floating-label--float-above{max-width:calc(133.3333333333% + 1px)}\n"],
  1162 |     dependencies: [{
  1163 |       kind: "directive",' [plugin angular-compiler]

    node_modules/@angular/material/fesm2022/input.mjs:10:52:
      10 Γöé ..._FORM_FIELD, MatFormFieldControl } from './_form-field-chunk.mjs';
         Γò╡                                            ~~~~~~~~~~~~~~~~~~~~~~~~~

  This error came from the "onLoad" callback registered here:

    node_modules/@angular-devkit/build-angular/src/tools/esbuild/angular/compiler-plugin.js:286:18:
      286 Γöé             build.onLoad({ filter: /\.[cm]?js$/ }, (0, load_resul...
          Γò╡                   ~~~~~~

    at setup (C:\MyGit\OpenNews\node_modules\@angular-devkit\build-angular\src\tools\esbuild\angular\compiler-plugin.js:286:19)
    at async handlePlugins (C:\MyGit\OpenNews\node_modules\esbuild\lib\main.js:1340:9)


X [ERROR] TS2307: Cannot find module '@angular/material/chips' or its corresponding type declarations. [plugin angular-compiler]

    src/app/components/category-selector/category-selector.component.ts:3:31:
      3 Γöé import { MatChipsModule } from '@angular/material/chips';
        Γò╡                                ~~~~~~~~~~~~~~~~~~~~~~~~~


X [ERROR] TS-991010: 'imports' must be an array of components, directives, pipes, or NgModules.
  Value is of type '[CommonModule, (not statically analyzable)]'. [plugin angular-compiler]

    src/app/components/category-selector/category-selector.component.ts:8:11:
      8 Γöé   imports: [CommonModule, MatChipsModule],
        Γò╡            ~~~~~~~~~~~~~~~~~~~~~~~~~~~~~~


X [ERROR] TS2307: Cannot find module '@angular/material/card' or its corresponding type declarations. [plugin angular-compiler]

    src/app/components/news-card/news-card.component.ts:3:30:
      3 Γöé import { MatCardModule } from '@angular/material/card';
        Γò╡                               ~~~~~~~~~~~~~~~~~~~~~~~~


X [ERROR] TS2307: Cannot find module '@angular/material/button' or its corresponding type declarations. [plugin angular-compiler]

    src/app/components/news-card/news-card.component.ts:4:32:
      4 Γöé import { MatButtonModule } from '@angular/material/button';
        Γò╡                                 ~~~~~~~~~~~~~~~~~~~~~~~~~~


X [ERROR] TS-991010: 'imports' must be an array of components, directives, pipes, or NgModules.
  Value is of type '[CommonModule, (not statically analyzable), (not statically analyzable)]'. [plugin angular-compiler]

    src/app/components/news-card/news-card.component.ts:10:11:
      10 Γöé   imports: [CommonModule, MatCardModule, MatButtonModule],
         Γò╡            ~~~~~~~~~~~~~~~~~~~~~~~~~~~~~~~~~~~~~~~~~~~~~~


X [ERROR] TS-991010: 'imports' must be an array of components, directives, pipes, or NgModules.
  Value is of type '[CommonModule, (not statically analyzable), (not statically analyzable)]'. [plugin angular-compiler]

    src/app/components/news-card/news-card.component.ts:10:11:
      10 Γöé   imports: [CommonModule, MatCardModule, MatButtonModule],
         Γò╡            ~~~~~~~~~~~~~~~~~~~~~~~~~~~~~~~~~~~~~~~~~~~~~~


X [ERROR] TS2307: Cannot find module '@angular/material/progress-spinner' or its corresponding type declarations. [plugin angular-compiler]

    src/app/components/news-feed/news-feed.component.ts:4:41:
      4 Γöé ...tProgressSpinnerModule } from '@angular/material/progress-spinner';
        Γò╡                                  ~~~~~~~~~~~~~~~~~~~~~~~~~~~~~~~~~~~~


X [ERROR] TS2307: Cannot find module '@angular/material/button' or its corresponding type declarations. [plugin angular-compiler]

    src/app/components/news-feed/news-feed.component.ts:9:32:
      9 Γöé import { MatButtonModule } from '@angular/material/button';
        Γò╡                                 ~~~~~~~~~~~~~~~~~~~~~~~~~~


X [ERROR] TS-991010: 'imports' must be an array of components, directives, pipes, or NgModules.
  Value is of type '[CommonModule, NewsCardComponent, CategorySelectorComponent, (not statically analyzable), (not statically analyzable)]'. [plugin angular-compiler]

    src/app/components/news-feed/news-feed.component.ts:14:11:
      14 Γöé   imports: [CommonModule, NewsCardComponent, CategorySelectorCompo...
         Γò╡            ~~~~~~~~~~~~~~~~~~~~~~~~~~~~~~~~~~~~~~~~~~~~~~~~~~~~~~~


X [ERROR] TS-991010: 'imports' must be an array of components, directives, pipes, or NgModules.
  Value is of type '[CommonModule, NewsCardComponent, CategorySelectorComponent, (not statically analyzable), (not statically analyzable)]'. [plugin angular-compiler]

    src/app/components/news-feed/news-feed.component.ts:14:11:
      14 Γöé   imports: [CommonModule, NewsCardComponent, CategorySelectorCompo...
         Γò╡            ~~~~~~~~~~~~~~~~~~~~~~~~~~~~~~~~~~~~~~~~~~~~~~~~~~~~~~~


X [ERROR] TS2307: Cannot find module '@angular/material/input' or its corresponding type declarations. [plugin angular-compiler]

    src/app/pages/settings/settings.component.ts:4:31:
      4 Γöé import { MatInputModule } from '@angular/material/input';
        Γò╡                                ~~~~~~~~~~~~~~~~~~~~~~~~~


X [ERROR] TS2307: Cannot find module '@angular/material/button' or its corresponding type declarations. [plugin angular-compiler]

    src/app/pages/settings/settings.component.ts:5:32:
      5 Γöé import { MatButtonModule } from '@angular/material/button';
        Γò╡                                 ~~~~~~~~~~~~~~~~~~~~~~~~~~


X [ERROR] TS2307: Cannot find module '@angular/material/form-field' or its corresponding type declarations. [plugin angular-compiler]

    src/app/pages/settings/settings.component.ts:6:35:
      6 Γöé import { MatFormFieldModule } from '@angular/material/form-field';
        Γò╡                                    ~~~~~~~~~~~~~~~~~~~~~~~~~~~~~~


X [ERROR] TS-991010: 'imports' must be an array of components, directives, pipes, or NgModules.
  Value is of type '[CommonModule, FormsModule, (not statically analyzable), (not statically analyzable), (not statically analyzable)]'. [plugin angular-compiler]

    src/app/pages/settings/settings.component.ts:12:11:
      12 Γöé   imports: [CommonModule, FormsModule, MatInputModule, MatButtonMo...
         Γò╡            ~~~~~~~~~~~~~~~~~~~~~~~~~~~~~~~~~~~~~~~~~~~~~~~~~~~~~~~


X [ERROR] TS-991010: 'imports' must be an array of components, directives, pipes, or NgModules.
  Value is of type '[CommonModule, FormsModule, (not statically analyzable), (not statically analyzable), (not statically analyzable)]'. [plugin angular-compiler]

    src/app/pages/settings/settings.component.ts:12:11:
      12 Γöé   imports: [CommonModule, FormsModule, MatInputModule, MatButtonMo...
         Γò╡            ~~~~~~~~~~~~~~~~~~~~~~~~~~~~~~~~~~~~~~~~~~~~~~~~~~~~~~~


X [ERROR] TS-991010: 'imports' must be an array of components, directives, pipes, or NgModules.
  Value is of type '[CommonModule, FormsModule, (not statically analyzable), (not statically analyzable), (not statically analyzable)]'. [plugin angular-compiler]

    src/app/pages/settings/settings.component.ts:12:11:
      12 Γöé   imports: [CommonModule, FormsModule, MatInputModule, MatButtonMo...
         Γò╡            ~~~~~~~~~~~~~~~~~~~~~~~~~~~~~~~~~~~~~~~~~~~~~~~~~~~~~~~


